# serializer version: 1
# name: TestInstallVerus.test_diagnostic_lines_match_snapshot
  list([
    '[install-verus] operation=lock status=acquired path="<tmp>/repo/.verus/0.2026.01.30.test123/.install.lock"',
    '[install-verus] operation=download url="https://github.com/verus-lang/verus/releases/download/release/0.2026.01.30.test123/verus-0.2026.01.30.test123-x86-linux.zip" target="verus-0.2026.01.30.test123-x86-linux.zip"',
    '[install-verus] operation=download elapsed=Xs status=0',
    '[install-verus] operation=checksum status=ok',
    '[install-verus] operation=install path="<tmp>/repo/.verus/0.2026.01.30.test123/verus/verus"',
  ])
# ---
